---------------------------------------------------------------test case 1-----------------------------------------
octave:8> a=[1:5;6:10];a(:,:,2)=[3:7;9:13]
a =

ans(:,:,1) =

    1    2    3    4    5
    6    7    8    9   10

ans(:,:,2) =

    3    4    5    6    7
    9   10   11   12   13

octave:9> ifftn(a)
ans =

ans(:,:,1) =

   6.7500 +      0i  -0.5000 - 0.6882i  -0.5000 - 0.1625i  -0.5000 + 0.1625i  -0.5000 + 0.6882i
  -2.7500 +      0i        0 +      0i        0 +      0i        0 +      0i        0 +      0i

ans(:,:,2) =

  -1.2500        0        0        0        0
   0.2500        0        0        0        0

---------------------------------------------------------------test case 2-----------------------------------------
octave:10> ifftn(a,[2 2])
error: ifftn: SIZE must be a vector of length dim
octave:11> ifftn(a,[2 2 1])
ans =

   4.0000  -0.5000
  -2.5000        0

---------------------------------------------------------------test case 3-----------------------------------------
octave:12> ifftn([1 2 9: 0 1 2],[1 2])
ans =

   1.5000  -0.5000

---------------------------------------------------------------test case 4-----------------------------------------
octave:13> ifftn([1 2 9: 0 1 2],[1 2 2])
error: ifftn: SIZE must be a vector of length dim

---------------------------------------------------------------test case 5 -----------------------------------------
octave:14> ifftn([99 45 67;32 12 356;887 546 321],[2 3])
ans =

   101.833 +       0i   -18.167 -  52.828i   -18.167 +  52.828i
   -31.500 +       0i    32.500 +  46.477i    32.500 -  46.477i

octave:15> diary off
